[electronthemes.com/html/pupko/homepage3.html]
[backblue.gif]
[fade.gif]
[index.html]
[electronthemes.com/html/pupko/assets/img/favicon.png]
[electronthemes.com/html/pupko/assets/css/base-style.css]
[electronthemes.com/html/pupko/homepage.html]
[electronthemes.com/html/pupko/assets/css/style.css]
[electronthemes.com/html/pupko/assets/img/home1/logo.png]
[electronthemes.com/html/pupko/assets/img/home2/logo.png]
[electronthemes.com/html/pupko/homepage2.html]
[electronthemes.com/html/pupko/homepage4.html]
[electronthemes.com/html/pupko/homepage5.html]
[electronthemes.com/html/pupko/About-us.html]
[electronthemes.com/html/pupko/portfolioStandard.html]
[electronthemes.com/html/pupko/portfolioMain.html]
[electronthemes.com/html/pupko/protfolio-four-colum.html]
[electronthemes.com/html/pupko/portfolio-masonry.html]
[electronthemes.com/html/pupko/our-case-studies.html]
[electronthemes.com/html/pupko/case-studies.html]
[electronthemes.com/html/pupko/price-plan.html]
[electronthemes.com/html/pupko/shop.html]
[electronthemes.com/html/pupko/shop-list.html]
[electronthemes.com/html/pupko/shop-grid.html]
[electronthemes.com/html/pupko/Shop-right-sidebar.html]
[electronthemes.com/html/pupko/shop-single.html]
[electronthemes.com/html/pupko/cart.html]
[electronthemes.com/html/pupko/checkout.html]
[electronthemes.com/html/pupko/our-services.html]
[electronthemes.com/html/pupko/ppc-services.html]
[electronthemes.com/html/pupko/Sem-services.html]
[electronthemes.com/html/pupko/seo-services.html]
[electronthemes.com/html/pupko/web-devolopment.html]
[electronthemes.com/html/pupko/blog-masonry.html]
[electronthemes.com/html/pupko/blog-grid.html]
[electronthemes.com/html/pupko/blog-grid-two-column.html]
[electronthemes.com/html/pupko/blog-list.html]
[electronthemes.com/html/pupko/blog-left-sidebar.html]
[electronthemes.com/html/pupko/blog.html]
[electronthemes.com/html/pupko/blog-single.html]
[electronthemes.com/html/pupko/blog-single-sidebar.html]
[electronthemes.com/html/pupko/contactOne.html]
[electronthemes.com/html/pupko/contactTwo.html]
[electronthemes.com/html/pupko/assets/img/home3/banner/banner-img.png]
[electronthemes.com/html/pupko/assets/img/home3/banner/animation/star1.png]
[electronthemes.com/html/pupko/assets/img/home3/banner/animation/star2.png]
[electronthemes.com/html/pupko/assets/img/home3/banner/animation/star3.png]
[electronthemes.com/html/pupko/assets/img/home3/banner/animation/small-line1.png]
[electronthemes.com/html/pupko/assets/img/home3/banner/animation/small-line2.png]
[electronthemes.com/html/pupko/assets/img/home3/banner/animation/line1.png]
[electronthemes.com/html/pupko/assets/img/home3/banner/animation/line2.png]
[electronthemes.com/html/pupko/assets/img/home3/banner/animation/sui-1.png]
[electronthemes.com/html/pupko/assets/img/home3/banner2/banner-bg.png]
[electronthemes.com/html/pupko/assets/img/home3/banner2/animation/set1.png]
[electronthemes.com/html/pupko/assets/img/home3/banner2/animation/set2.png]
[electronthemes.com/html/pupko/assets/img/home3/banner2/animation/set3.png]
[electronthemes.com/html/pupko/assets/img/home3/banner2/banner.png]
[electronthemes.com/html/pupko/assets/img/home3/banner2/animation/heart1.png]
[electronthemes.com/html/pupko/assets/img/home3/banner2/animation/wifi.png]
[electronthemes.com/html/pupko/assets/img/home3/banner2/animation/message.png]
[electronthemes.com/html/pupko/assets/img/home3/banner-3/banner-bg.png]
[electronthemes.com/html/pupko/assets/img/home3/banner-3/banner.png]
[electronthemes.com/html/pupko/assets/img/svg/megaphone.svg]
[electronthemes.com/html/pupko/assets/img/svg/optimization-s.svg]
[electronthemes.com/html/pupko/assets/img/svg/trophy.svg]
[electronthemes.com/html/pupko/assets/img/home3/traffic/traffic-bg.png]
[electronthemes.com/html/pupko/assets/img/home3/traffic/banner.png]
[electronthemes.com/html/pupko/assets/img/home3/traffic/animation/set-1.png]
[electronthemes.com/html/pupko/assets/img/home3/traffic/animation/set-2.png]
[electronthemes.com/html/pupko/assets/img/home3/traffic/animation/plus.png]
[electronthemes.com/html/pupko/assets/img/home3/traffic/animation/line3.png]
[electronthemes.com/html/pupko/assets/img/home3/traffic/animation/line2.png]
[electronthemes.com/html/pupko/assets/img/home3/traffic/animation/line1.png]
[electronthemes.com/html/pupko/assets/img/home3/traffic/animation/circle1.png]
[electronthemes.com/html/pupko/assets/img/home3/traffic/animation/circle2.png]
[electronthemes.com/html/pupko/assets/img/svg/unlock.svg]
[electronthemes.com/html/pupko/assets/img/svg/secure.svg]
[electronthemes.com/html/pupko/assets/img/svg/internet.svg]
[electronthemes.com/html/pupko/assets/img/svg/meter.svg]
[electronthemes.com/html/pupko/assets/img/svg/social-care.svg]
[electronthemes.com/html/pupko/assets/img/svg/waiter.svg]
[electronthemes.com/html/pupko/assets/img/home3/featured-arow2.png]
[electronthemes.com/html/pupko/assets/img/home3/featured-arow1.png]
[electronthemes.com/html/pupko/assets/img/svg/user.svg]
[electronthemes.com/html/pupko/assets/img/svg/work-from-home.svg]
[electronthemes.com/html/pupko/assets/img/svg/coffee-cup.svg]
[electronthemes.com/html/pupko/assets/img/svg/head.svg]
[electronthemes.com/html/pupko/assets/img/home3/Recovered.png]
[electronthemes.com/html/pupko/assets/img/svg/decision-making.svg]
[electronthemes.com/html/pupko/assets/img/home3/working-process1.png]
[electronthemes.com/html/pupko/assets/img/svg/setting.svg]
[electronthemes.com/html/pupko/assets/img/home3/working-process2.png]
[electronthemes.com/html/pupko/assets/img/svg/research.svg]
[electronthemes.com/html/pupko/assets/img/svg/rocket.svg]
[electronthemes.com/html/pupko/assets/img/home3/client-say1.png]
[electronthemes.com/html/pupko/assets/img/home3/client-say2.png]
[electronthemes.com/html/pupko/assets/img/home2/company-logo/logo2.png]
[electronthemes.com/html/pupko/assets/img/home2/company-logo/logo3.png]
[electronthemes.com/html/pupko/assets/img/home2/company-logo/logo1.png]
[electronthemes.com/html/pupko/assets/img/home2/company-logo/logo4.png]
[electronthemes.com/html/pupko/assets/img/home2/company-logo/logo5.png]
[electronthemes.com/html/pupko/assets/img/home3/blog1.png]
[electronthemes.com/html/pupko/assets/img/home3/blog2.png]
[electronthemes.com/html/pupko/assets/img/home3/blog3.png]
[electronthemes.com/html/pupko/assets/js/default/jquery-3.3.1.min.js]
[electronthemes.com/html/pupko/assets/js/default/popper.js]
[electronthemes.com/html/pupko/assets/js/default/bootstrap.min.js]
[electronthemes.com/html/pupko/assets/js/default/jquery-ui.min.js]
[electronthemes.com/html/pupko/assets/js/default/jquery-migrate-1.4.1.min.js]
[electronthemes.com/html/pupko/assets/js/plugin/animation-js/gsap.min.js]
[electronthemes.com/html/pupko/assets/js/plugin/animation-js/scroll-tigger.js]
[electronthemes.com/html/pupko/assets/js/plugin/animation-js/scroll-magic.js]
[electronthemes.com/html/pupko/assets/js/plugin/animation-js/nicescroll.min.js]
[electronthemes.com/html/pupko/assets/js/plugin/animation-js/aos.js]
[electronthemes.com/html/pupko/assets/js/plugin/slick.min.js]
[electronthemes.com/html/pupko/assets/js/plugin/owl.carousel.min.js]
[electronthemes.com/html/pupko/assets/js/plugin/owl-custom.js]
[electronthemes.com/html/pupko/assets/js/plugin/jquery.waypoints.min.js]
[electronthemes.com/html/pupko/assets/js/plugin/jquery.counterup.min.js]
[electronthemes.com/html/pupko/assets/js/plugin/youtube-overlay.js]
[electronthemes.com/html/pupko/assets/js/plugin/swiper.min.js]
[electronthemes.com/html/pupko/assets/js/plugin/simpleParallax.min.js]
[electronthemes.com/html/pupko/assets/js/plugin/nice-select.min.js]
[electronthemes.com/html/pupko/assets/js/plugin/isotop-pakage-min.js]
[electronthemes.com/html/pupko/assets/js/tl-custom.js]
[electronthemes.com/html/pupko/assets/js/mouse-event.js]
[electronthemes.com/html/pupko/assets/js/scrollTrigger.js]
[electronthemes.com/html/pupko/homepage3.html]
[electronthemes.com/html/pupko/assets/js/scripts.js]
[electronthemes.com/html/pupko/assets/fonts/icofont.woff2]
[electronthemes.com/html/pupko/assets/fonts/icofont.woff]
[electronthemes.com/html/pupko/assets/css/fonts/slick.7f.delayed]
[electronthemes.com/html/pupko/assets/css/fonts/slickd41d.eot]
[electronthemes.com/html/pupko/assets/css/fonts/slick.woff]
[electronthemes.com/html/pupko/assets/css/fonts/slick.ttf]
[electronthemes.com/html/pupko/assets/css/fonts/slick.svg]
[electronthemes.com/html/pupko/assets/css/owl.video.play.png]
[electronthemes.com/html/pupko/assets/css/images/ui-bg_diagonals-thick_20_666666_40x40.png]
[electronthemes.com/html/pupko/assets/css/images/ui-bg_flat_10_000000_40x100.png]
[electronthemes.com/html/pupko/assets/css/base-style.css]
[electronthemes.com/html/pupko/assets/img/home1/banner/banner-bg.png]
[electronthemes.com/html/pupko/assets/img/home2/banner/banner-bg.png]
[electronthemes.com/html/pupko/assets/img/home1/price.png]
[electronthemes.com/html/pupko/assets/img/home2/we-are/we-are-bg.png]
[electronthemes.com/html/pupko/assets/img/About-Us-Recovered.png]
[electronthemes.com/html/pupko/assets/img/blog-list/Blog-List-Recovered.png]
[electronthemes.com/html/pupko/assets/img/shop/shop-bg.jpg]
[electronthemes.com/html/pupko/assets/img/demo-page/full-page/shop-img/heading-bg.png]
[electronthemes.com/html/pupko/assets/css/style.css]
[electronthemes.com/html/pupko/assets/img/home1/banner/banner-animation/circle.png]
[electronthemes.com/html/pupko/assets/img/home1/banner/banner-animation/small-circle.png]
[electronthemes.com/html/pupko/assets/img/home1/banner/banner-animation/cloud1.png]
[electronthemes.com/html/pupko/assets/img/home1/banner/banner-animation/cloud2.png]
[electronthemes.com/html/pupko/assets/img/home1/banner/banner.png]
[electronthemes.com/html/pupko/assets/img/home1/banner/banner-animation/heart.png]
[electronthemes.com/html/pupko/assets/img/home1/banner/banner-animation/like-red.png]
[electronthemes.com/html/pupko/assets/img/home1/banner/banner-animation/message.png]
[electronthemes.com/html/pupko/assets/img/home1/banner/banner-animation/like-01.png]
[electronthemes.com/html/pupko/assets/img/home1/services/service-banner.png]
[electronthemes.com/html/pupko/assets/img/home1/services/seo-sound1.png]
[electronthemes.com/html/pupko/assets/img/home1/services/seo-sound2.png]
[electronthemes.com/html/pupko/assets/img/home1/services/seo-sound3.png]
[electronthemes.com/html/pupko/assets/img/home1/services/play.png]
[electronthemes.com/html/pupko/assets/img/home1/services/doller.png]
[electronthemes.com/html/pupko/assets/img/home1/services/circle-heart.png]
[electronthemes.com/html/pupko/assets/img/home1/future-man.png]
[electronthemes.com/html/pupko/assets/img/home1/future-bg.png]
[electronthemes.com/html/pupko/assets/img/home1/case-study/img1.png]
[electronthemes.com/html/pupko/assets/img/home1/case-study/img2.png]
[electronthemes.com/html/pupko/assets/img/home1/client.png]
[electronthemes.com/html/pupko/assets/img/home1/blog1.png]
[electronthemes.com/html/pupko/assets/img/home1/blog2.png]
[electronthemes.com/html/pupko/assets/img/home1/blog3.png]
[electronthemes.com/html/pupko/assets/js/plugin/jquery.elevatezoom.js]
[electronthemes.com/html/pupko/homepage.html]
[electronthemes.com/html/pupko/assets/js/plugin/image-loaded.min.js]
[electronthemes.com/html/pupko/assets/img/home2/banner/banner.png]
[electronthemes.com/html/pupko/assets/img/home2/banner/banner-ani1.png]
[electronthemes.com/html/pupko/assets/img/svg/interactive.svg]
[electronthemes.com/html/pupko/assets/img/svg/email-marketing.svg]
[electronthemes.com/html/pupko/assets/img/svg/earth-globe.svg]
[electronthemes.com/html/pupko/assets/img/home2/we-are/banner.png]
[electronthemes.com/html/pupko/assets/img/home2/we-are/like.png]
[electronthemes.com/html/pupko/assets/img/home2/we-are/heart.png]
[electronthemes.com/html/pupko/assets/img/home2/we-are/message.png]
[electronthemes.com/html/pupko/assets/img/home2/we-are/square.png]
[electronthemes.com/html/pupko/assets/img/home2/we-are/circle.png]
[electronthemes.com/html/pupko/assets/img/home2/we-are/circle2.png]
[electronthemes.com/html/pupko/assets/img/svg/optimization.svg]
[electronthemes.com/html/pupko/assets/img/svg/framework.svg]
[electronthemes.com/html/pupko/assets/img/svg/analysis.svg]
[electronthemes.com/html/pupko/assets/img/svg/infographic.svg]
[electronthemes.com/html/pupko/assets/img/home2/feature/banner-man.png]
[electronthemes.com/html/pupko/assets/img/home1/client-kotation.png]
[electronthemes.com/html/pupko/assets/img/home1/client2.png]
[electronthemes.com/html/pupko/assets/img/home2/footer-ani.png]
[electronthemes.com/html/pupko/homepage2.html]
[electronthemes.com/html/pupko/assets/img/home4/banner/banner-img2.png]
[electronthemes.com/html/pupko/assets/img/home4/banner/banner-img1.png]
[electronthemes.com/html/pupko/assets/img/home4/seo.png]
[electronthemes.com/html/pupko/assets/img/svg/tools.svg]
[electronthemes.com/html/pupko/assets/img/svg/email-market.svg]
[electronthemes.com/html/pupko/assets/img/svg/strategic-plan.svg]
[electronthemes.com/html/pupko/assets/img/home4/double-arow1.png]
[electronthemes.com/html/pupko/assets/img/home4/arow1.png]
[electronthemes.com/html/pupko/assets/img/home4/business/business2.png]
[electronthemes.com/html/pupko/assets/img/home4/business/arow.png]
[electronthemes.com/html/pupko/assets/img/home4/business/business1.png]
[electronthemes.com/html/pupko/assets/img/svg/vector.svg]
[electronthemes.com/html/pupko/assets/img/home4/grouth.png]
[electronthemes.com/html/pupko/assets/img/home4/clients.png]
[electronthemes.com/html/pupko/assets/img/home4/team1.jpg]
[electronthemes.com/html/pupko/assets/img/home4/team2.jpg]
[electronthemes.com/html/pupko/assets/img/home4/team3.jpg]
[electronthemes.com/html/pupko/assets/img/home4/blog1.jpg]
[electronthemes.com/html/pupko/assets/img/home4/blog2.jpg]
[electronthemes.com/html/pupko/assets/img/home4/blog3.jpg]
[electronthemes.com/html/pupko/homepage4.html]
[electronthemes.com/html/pupko/assets/img/home5/banner-slide.jpg]
[electronthemes.com/html/pupko/assets/img/home5/about1.jpg]
[electronthemes.com/html/pupko/assets/img/home5/about2.jpg]
[electronthemes.com/html/pupko/assets/img/home5/working-bg.jpg]
[electronthemes.com/html/pupko/assets/img/home5/study-img1.png]
[electronthemes.com/html/pupko/assets/img/home5/client1.png]
[electronthemes.com/html/pupko/assets/img/home5/client2.png]
[electronthemes.com/html/pupko/assets/img/home5/suscribe-cover.jpg]
[electronthemes.com/html/pupko/homepage5.html]
[electronthemes.com/html/pupko/assets/img/About-Us.png]
[electronthemes.com/html/pupko/assets/img/svg/smile.svg]
[electronthemes.com/html/pupko/assets/img/svg/user-cup.svg]
[electronthemes.com/html/pupko/assets/img/svg/tea-cup.svg]
[electronthemes.com/html/pupko/assets/img/svg/layers.svg]
[electronthemes.com/html/pupko/assets/img/about/About-Us-bg.png]
[electronthemes.com/html/pupko/assets/img/about/About-ani-img.png]
[electronthemes.com/html/pupko/About-us.html]
[electronthemes.com/html/pupko/assets/img/protfolio/Portfolio-standart.png]
[electronthemes.com/html/pupko/assets/img/svg/speech-bubble.svg]
[electronthemes.com/html/pupko/assets/img/svg/heart.svg]
[electronthemes.com/html/pupko/assets/img/protfolio/Portfolio-Standard1.png]
[electronthemes.com/html/pupko/assets/img/protfolio/Portfolio-Standard2.png]
[electronthemes.com/html/pupko/assets/img/protfolio/Portfolio-Standard3.png]
[electronthemes.com/html/pupko/assets/img/protfolio/Portfolio-standart-short-1.png]
[electronthemes.com/html/pupko/assets/img/protfolio/Portfolio-standart-short-2.png]
[electronthemes.com/html/pupko/portfolioStandard.html]
[electronthemes.com/html/pupko/assets/img/protfolio/Portfolio1.png]
[electronthemes.com/html/pupko/assets/img/protfolio/Portfolio2.png]
[electronthemes.com/html/pupko/assets/img/protfolio/Portfolio3.png]
[electronthemes.com/html/pupko/assets/img/protfolio/Portfolio4.png]
[electronthemes.com/html/pupko/assets/img/protfolio/Portfolio5.png]
[electronthemes.com/html/pupko/assets/img/protfolio/Portfolio6.png]
[electronthemes.com/html/pupko/assets/img/protfolio/Portfolio7.png]
[electronthemes.com/html/pupko/assets/img/protfolio/Portfolio8.png]
[electronthemes.com/html/pupko/assets/img/protfolio/Portfolio9.png]
[electronthemes.com/html/pupko/portfolioMain.html]
[electronthemes.com/html/pupko/protfolio-four-colum.html]
[electronthemes.com/html/pupko/assets/img/protfolio/Portfolio-Masonry1.png]
[electronthemes.com/html/pupko/assets/img/protfolio/Portfolio-Masonry2.png]
[electronthemes.com/html/pupko/assets/img/protfolio/Portfolio-Masonry3.png]
[electronthemes.com/html/pupko/assets/img/protfolio/Portfolio-Masonry4.png]
[electronthemes.com/html/pupko/portfolio-masonry.html]
[electronthemes.com/html/pupko/assets/img/case-studies/isotop1.png]
[electronthemes.com/html/pupko/assets/img/case-studies/isotop2.png]
[electronthemes.com/html/pupko/assets/img/case-studies/isotop3.png]
[electronthemes.com/html/pupko/assets/img/case-studies/isotop4.png]
[electronthemes.com/html/pupko/assets/img/case-studies/isotop5.png]
[electronthemes.com/html/pupko/assets/img/case-studies/isotop6.png]
[electronthemes.com/html/pupko/assets/img/case-studies/isotop7.png]
[electronthemes.com/html/pupko/assets/img/case-studies/isotop8.png]
[electronthemes.com/html/pupko/assets/img/case-studies/isotop9.png]
[electronthemes.com/html/pupko/our-case-studies.html]
[electronthemes.com/html/pupko/assets/img/case-studies/Case-details.png]
[electronthemes.com/html/pupko/assets/img/case-studies/case-traffic.png]
[electronthemes.com/html/pupko/assets/img/home2/company-logo/Case-clogo1.png]
[electronthemes.com/html/pupko/assets/img/home2/company-logo/Case-clogo2.png]
[electronthemes.com/html/pupko/assets/img/home2/company-logo/Case-clogo3.png]
[electronthemes.com/html/pupko/assets/img/home2/company-logo/Case-clogo4.png]
[electronthemes.com/html/pupko/assets/img/home2/company-logo/Case-clogo5.png]
[electronthemes.com/html/pupko/case-studies.html]
[electronthemes.com/html/pupko/price-plan.html]
[electronthemes.com/html/pupko/assets/img/shop/Product-1.jpg]
[electronthemes.com/html/pupko/assets/img/shop/Product-2.jpg]
[electronthemes.com/html/pupko/assets/img/shop/Product-3.jpg]
[electronthemes.com/html/pupko/assets/img/shop/Product-4.jpg]
[electronthemes.com/html/pupko/assets/img/shop/Product-5.jpg]
[electronthemes.com/html/pupko/assets/img/shop/Product-6.jpg]
[electronthemes.com/html/pupko/shop.html]
[electronthemes.com/html/pupko/assets/img/shop/side-card-1.jpg]
[electronthemes.com/html/pupko/assets/img/shop/side-card-2.jpg]
[electronthemes.com/html/pupko/assets/img/shop/side-card-3.jpg]
[electronthemes.com/html/pupko/shop-list.html]
[electronthemes.com/html/pupko/shop-grid.html]
[electronthemes.com/html/pupko/Shop-right-sidebar.html]
[electronthemes.com/html/pupko/assets/img/shop/image1.png]
[electronthemes.com/html/pupko/assets/img/shop/large/image1.jpg]
[electronthemes.com/html/pupko/assets/img/blog-list/blog-cmnt-1.png]
[electronthemes.com/html/pupko/shop-single.html]
[electronthemes.com/html/pupko/assets/img/product/product-cart2.png]
[electronthemes.com/html/pupko/assets/img/product/product-cart1.png]
[electronthemes.com/html/pupko/cart.html]
[electronthemes.com/html/pupko/assets/img/master-card.png]
[electronthemes.com/html/pupko/assets/img/visa.png]
[electronthemes.com/html/pupko/assets/img/payoneer.png]
[electronthemes.com/html/pupko/assets/img/master.png]
[electronthemes.com/html/pupko/checkout.html]
[electronthemes.com/html/pupko/assets/img/our-service/Services-Man1.png]
[electronthemes.com/html/pupko/assets/img/our-service/Services-Man2.png]
[electronthemes.com/html/pupko/assets/img/our-service/Services-Man3.png]
[electronthemes.com/html/pupko/our-services.html]
[electronthemes.com/html/pupko/assets/img/ppc/about.png]
[electronthemes.com/html/pupko/assets/img/ppc/PPC-trend.png]
[electronthemes.com/html/pupko/ppc-services.html]
[electronthemes.com/html/pupko/assets/img/sem/SEM-marketing.png]
[electronthemes.com/html/pupko/assets/img/sem/sem-service-bg.png]
[electronthemes.com/html/pupko/assets/img/sem/sem-service.png]
[electronthemes.com/html/pupko/assets/img/svg/loupe.svg]
[electronthemes.com/html/pupko/assets/img/sem/SEM-blog1.png]
[electronthemes.com/html/pupko/assets/img/sem/SEM-blog2.png]
[electronthemes.com/html/pupko/assets/img/sem/SEM-blog3.png]
[electronthemes.com/html/pupko/Sem-services.html]
[electronthemes.com/html/pupko/assets/img/seo-optimization.png]
[electronthemes.com/html/pupko/seo-services.html]
[electronthemes.com/html/pupko/assets/img/Web-strategy.png]
[electronthemes.com/html/pupko/assets/img/engaging.png]
[electronthemes.com/html/pupko/web-devolopment.html]
[electronthemes.com/html/pupko/assets/img/blog-mesonry/img1.png]
[electronthemes.com/html/pupko/assets/img/blog-mesonry/img2.png]
[electronthemes.com/html/pupko/assets/img/blog-mesonry/img3.png]
[electronthemes.com/html/pupko/assets/img/blog-mesonry/img4.png]
[electronthemes.com/html/pupko/assets/img/blog-mesonry/img5.png]
[electronthemes.com/html/pupko/assets/img/blog-mesonry/img6.png]
[electronthemes.com/html/pupko/assets/img/blog-mesonry/img8.png]
[electronthemes.com/html/pupko/blog-masonry.html]
[electronthemes.com/html/pupko/assets/img/blog-grid/Blog-Grid1.png]
[electronthemes.com/html/pupko/assets/img/blog-grid/Blog-Grid2.png]
[electronthemes.com/html/pupko/assets/img/blog-grid/Blog-Grid3.png]
[electronthemes.com/html/pupko/assets/img/blog-grid/Blog-Grid4.png]
[electronthemes.com/html/pupko/assets/img/blog-grid/Blog-Grid5.png]
[electronthemes.com/html/pupko/assets/img/blog-grid/Blog-Grid6.png]
[electronthemes.com/html/pupko/assets/img/blog-grid/Blog-Grid7.png]
[electronthemes.com/html/pupko/assets/img/blog-grid/Blog-Grid8.png]
[electronthemes.com/html/pupko/assets/img/blog-grid/Blog-Grid9.png]
[electronthemes.com/html/pupko/blog-grid.html]
[electronthemes.com/html/pupko/blog-grid-two-column.html]
[electronthemes.com/html/pupko/assets/img/blog-list/Blog-List1.png]
[electronthemes.com/html/pupko/assets/img/blog-list/Blog-List2.png]
[electronthemes.com/html/pupko/assets/img/blog-list/Blog-List3.png]
[electronthemes.com/html/pupko/assets/img/blog-list/Blog-List4.png]
[electronthemes.com/html/pupko/blog-list.html]
[electronthemes.com/html/pupko/assets/img/blog-list/recent1.png]
[electronthemes.com/html/pupko/assets/img/blog-list/recent2.png]
[electronthemes.com/html/pupko/assets/img/blog-list/recent3.png]
[electronthemes.com/html/pupko/blog-left-sidebar.html]
[electronthemes.com/html/pupko/blog.html]
[electronthemes.com/html/pupko/assets/img/blog-list/Blog-banner.png]
[electronthemes.com/html/pupko/assets/img/svg/quote-sign.svg]
[electronthemes.com/html/pupko/assets/img/blog-list/Blog-humanity.png]
[electronthemes.com/html/pupko/assets/img/blog-list/blog-cmnt-2.png]
[electronthemes.com/html/pupko/assets/img/blog-list/blog-cmnt-3.png]
[electronthemes.com/html/pupko/blog-single.html]
[electronthemes.com/html/pupko/assets/img/blog-list/Blog-Single1.png]
[electronthemes.com/html/pupko/blog-single-sidebar.html]
[electronthemes.com/html/pupko/assets/img/svg/call.svg]
[electronthemes.com/html/pupko/assets/img/svg/chat.svg]
[electronthemes.com/html/pupko/assets/img/svg/placeholder.svg]
[electronthemes.com/html/pupko/assets/img/contact/Contact-round.png]
[electronthemes.com/html/pupko/assets/img/contact/Contact-man.png]
[electronthemes.com/html/pupko/assets/img/contact/Contact-get-tuch.png]
[electronthemes.com/html/pupko/contactOne.html]
[electronthemes.com/html/pupko/contactTwo.html]
[electronthemes.com/html/pupko/assets/img/svg/megaphone.svg]
[electronthemes.com/html/pupko/assets/img/svg/optimization-s.svg]
[electronthemes.com/html/pupko/assets/img/svg/trophy.svg]
[electronthemes.com/html/pupko/assets/img/svg/unlock.svg]
[electronthemes.com/html/pupko/assets/img/svg/secure.svg]
[electronthemes.com/html/pupko/assets/img/svg/internet.svg]
[electronthemes.com/html/pupko/assets/img/svg/meter.svg]
[electronthemes.com/html/pupko/assets/img/svg/social-care.svg]
[electronthemes.com/html/pupko/assets/img/svg/waiter.svg]
[electronthemes.com/html/pupko/assets/img/svg/user.svg]
[electronthemes.com/html/pupko/assets/img/svg/work-from-home.svg]
[electronthemes.com/html/pupko/assets/img/svg/coffee-cup.svg]
[electronthemes.com/html/pupko/assets/img/svg/head.svg]
[electronthemes.com/html/pupko/assets/img/svg/decision-making.svg]
[electronthemes.com/html/pupko/assets/img/svg/setting.svg]
[electronthemes.com/html/pupko/assets/img/svg/research.svg]
[electronthemes.com/html/pupko/assets/img/svg/rocket.svg]
[electronthemes.com/html/pupko/assets/css/fonts/slick.html]
[electronthemes.com/html/pupko/assets/css/fonts/slickd41d.html]
[electronthemes.com/html/pupko/assets/css/fonts/slick-2.html]
[electronthemes.com/html/pupko/assets/css/fonts/slick-3.html]
[electronthemes.com/html/pupko/assets/css/fonts/slick-4.html]
[electronthemes.com/html/pupko/assets/css/owl.video.play.html]
[electronthemes.com/html/pupko/assets/css/images/ui-bg_diagonals-thick_20_666666_40x40.html]
[electronthemes.com/html/pupko/assets/css/images/ui-bg_flat_10_000000_40x100.html]
[electronthemes.com/html/pupko/assets/img/svg/interactive.svg]
[electronthemes.com/html/pupko/assets/img/svg/email-marketing.svg]
[electronthemes.com/html/pupko/assets/img/svg/earth-globe.svg]
[electronthemes.com/html/pupko/assets/img/svg/optimization.svg]
[electronthemes.com/html/pupko/assets/img/svg/framework.svg]
[electronthemes.com/html/pupko/assets/img/svg/analysis.svg]
[electronthemes.com/html/pupko/assets/img/svg/infographic.svg]
[electronthemes.com/html/pupko/assets/img/svg/tools.svg]
[electronthemes.com/html/pupko/assets/img/svg/email-market.svg]
[electronthemes.com/html/pupko/assets/img/svg/strategic-plan.svg]
[electronthemes.com/html/pupko/assets/img/svg/vector.svg]
[electronthemes.com/html/pupko/assets/img/svg/smile.svg]
[electronthemes.com/html/pupko/assets/img/svg/user-cup.svg]
[electronthemes.com/html/pupko/assets/img/svg/tea-cup.svg]
[electronthemes.com/html/pupko/assets/img/svg/layers.svg]
[electronthemes.com/html/pupko/assets/img/svg/speech-bubble.svg]
[electronthemes.com/html/pupko/assets/img/svg/heart.svg]
[electronthemes.com/html/pupko/assets/img/svg/loupe.svg]
[electronthemes.com/html/pupko/assets/img/svg/quote-sign.svg]
[electronthemes.com/html/pupko/assets/img/svg/call.svg]
[electronthemes.com/html/pupko/assets/img/svg/chat.svg]
[electronthemes.com/html/pupko/assets/img/svg/placeholder.svg]
